// Jest Snapshot v1, https://goo.gl/fbAQLP

exports[`Home is rendered correctly 1`] = `
<div>
  <div
    className="pageTitle"
  >
    <h1>
      Welcome to Save The Bzz!
    </h1>
  </div>
  <div
    className="button-container"
  >
    <div
      className="button-style"
    >
      <a
        href="products"
      >
        <button
          className="w3-button"
        >
          Our products
        </button>
      </a>
    </div>
    <div
      className="button-style"
    >
      <a
        href="product/new"
      >
        <button
          className="w3-button"
        >
          Add product!
        </button>
      </a>
    </div>
    <div
      className="button-style"
    >
      <a
        href="products/index"
      >
        <button
          className="w3-button"
        >
          Delete and edit products
        </button>
      </a>
    </div>
  </div>
</div>
`;
